// Jest Snapshot v1, https://goo.gl/fbAQLP

exports[`Categories Snapshot Comprobar la UI del componente Categories 1`] = `
<div
  className="Categories"
>
  <h3
    className="categories__title"
  />
</div>
`;
