// Jest Snapshot v1, https://goo.gl/fbAQLP

exports[`Header Snapshot Comprobar la UI del componente Header 1`] = `
<header
  className="header purple_brand"
>
  <a
    href="/"
    onClick={[Function]}
  >
    <img
      alt="Platzi Video"
      className="header__img"
      src="test-file-stub"
    />
  </a>
  <div
    className="header__menu"
  >
    <div
      className="header__menu--profile"
    >
      <img
        alt=""
        src="test-file-stub"
      />
      <p>
        Perfil
      </p>
    </div>
    <ul>
      <li>
        <a
          href="/"
        >
          Cuenta
        </a>
      </li>
      <li>
        <a
          href="/login"
          onClick={[Function]}
        >
          Iniciar Sesi√≥n
        </a>
      </li>
    </ul>
  </div>
</header>
`;
